2026-04-27 19:07:00,578 - INFO - START: S01E01 - Sidekicked.mp4
2026-04-27 19:07:03,579 - INFO - START: S01E02 - The Book of Doom.mp4
2026-04-27 19:07:04,514 - ERROR - FAILED: S01E01 - Sidekicked.mp4
2026-04-27 19:07:06,113 - ERROR - FAILED: S01E02 - The Book of Doom.mp4
2026-04-27 19:07:06,580 - INFO - START: S01E03 - Assault and Battery.mp4
2026-04-27 19:07:08,711 - ERROR - FAILED: S01E03 - Assault and Battery.mp4
2026-04-27 19:08:58,096 - INFO - START: S01E01 - Sidekicked.mp4
2026-04-27 19:09:00,447 - ERROR - FAILED: S01E01 - Sidekicked.mp4
2026-04-27 19:09:01,097 - INFO - START: S01E02 - The Book of Doom.mp4
2026-04-27 19:09:03,415 - ERROR - FAILED: S01E02 - The Book of Doom.mp4
2026-04-27 19:09:04,098 - INFO - START: S01E03 - Assault and Battery.mp4
2026-04-27 19:09:06,468 - ERROR - FAILED: S01E03 - Assault and Battery.mp4
2026-04-27 19:13:37,968 - INFO - START: S01E01 - Sidekicked.mp4
2026-04-27 19:13:40,969 - INFO - START: S01E02 - The Book of Doom.mp4
2026-04-27 19:13:50,503 - ERROR - FAILED: S01E01 - Sidekicked.mp4
2026-04-27 19:13:50,503 - INFO - START: S01E03 - Assault and Battery.mp4
2026-04-27 19:13:50,584 - ERROR - FAILED: S01E02 - The Book of Doom.mp4
2026-04-27 19:13:51,482 - ERROR - FAILED: S01E03 - Assault and Battery.mp4
2026-04-27 19:15:24,881 - INFO - START: S01E01 - Sidekicked.mp4
2026-04-27 19:16:39,501 - INFO - SUCCESS: S01E01 - Sidekicked.mp4
2026-04-27 19:16:39,518 - INFO - DELETED ORIGINAL: S01E01 - Sidekicked.mp4
2026-04-27 19:16:39,519 - INFO - START: S01E02 - The Book of Doom.mp4
2026-04-27 19:17:40,165 - INFO - SUCCESS: S01E02 - The Book of Doom.mp4
2026-04-27 19:17:40,178 - INFO - DELETED ORIGINAL: S01E02 - The Book of Doom.mp4
2026-04-27 19:17:40,178 - INFO - START: S01E03 - Assault and Battery.mp4
2026-04-27 19:18:39,699 - INFO - SUCCESS: S01E03 - Assault and Battery.mp4
2026-04-27 19:18:39,713 - INFO - DELETED ORIGINAL: S01E03 - Assault and Battery.mp4
